<html>
<body>
<pre>
<h1>µVision Build Log</h1>
<h2>Tool Versions:</h2>
IDE-Version: µVision V5.34.0.0
Copyright (C) 2021 ARM Ltd and ARM Germany GmbH. All rights reserved.
License Information: yasin khani, yasini, LIC=EXJT4-FF1Y7-EVI1R-KJINX-4RU7K-EGXBU
 
Tool Versions:
Toolchain:       MDK-ARM Plus  Version: 5.34.0.0
Toolchain Path:  C:\Keil_v5\ARM\ARMCLANG\Bin
C Compiler:      ArmClang.exe V6.16
Assembler:       Armasm.exe V6.16
Linker/Locator:  ArmLink.exe V6.16
Library Manager: ArmAr.exe V6.16
Hex Converter:   FromElf.exe V6.16
CPU DLL:         SARMCM3.DLL V5.34.0.0
Dialog DLL:      DCM.DLL V1.17.3.0
Target DLL:      UL2CM3.DLL V1.163.9.0
Dialog DLL:      TCM.DLL V1.48.0.0
 
<h2>Project:</h2>
C:\Users\Behnam\Desktop\Khani\Keil\STM32-2\STM32-2.uvprojx
Project File Date:  06/23/2021

<h2>Output:</h2>
*** Using Compiler 'V6.16', folder: 'C:\Keil_v5\ARM\ARMCLANG\Bin'
Rebuild target 'Target 1'
assembling startup_stm32f401xe.s...
compiling system_stm32f4xx.c...
STM32-2.c(18): warning: no previous extern declaration for non-static variable 'glcdCs1' [-Wmissing-variable-declarations]
uint16_t glcdCs1 = 0x0004;       //GPIO PortB  Pin2
         ^
STM32-2.c(18): note: declare 'static' if the variable is not intended to be used outside of this translation unit
uint16_t glcdCs1 = 0x0004;       //GPIO PortB  Pin2
^
STM32-2.c(19): warning: no previous extern declaration for non-static variable 'glcdCs2' [-Wmissing-variable-declarations]
uint16_t glcdCs2 = 0x0008;       //GPIO PortB  Pin3
         ^
STM32-2.c(19): note: declare 'static' if the variable is not intended to be used outside of this translation unit
uint16_t glcdCs2 = 0x0008;       //GPIO PortB  Pin3
^
STM32-2.c(20): warning: no previous extern declaration for non-static variable 'glcdRs' [-Wmissing-variable-declarations]
uint16_t glcdRs = 0x0010;        //GPIO PortB  Pin4
         ^
STM32-2.c(20): note: declare 'static' if the variable is not intended to be used outside of this translation unit
uint16_t glcdRs = 0x0010;        //GPIO PortB  Pin4
^
STM32-2.c(21): warning: no previous extern declaration for non-static variable 'glcdRw' [-Wmissing-variable-declarations]
uint16_t glcdRw = 0x0020;        //GPIO PortB  Pin5
         ^
STM32-2.c(21): note: declare 'static' if the variable is not intended to be used outside of this translation unit
uint16_t glcdRw = 0x0020;        //GPIO PortB  Pin5
^
STM32-2.c(22): warning: no previous extern declaration for non-static variable 'glcdEn' [-Wmissing-variable-declarations]
uint16_t glcdEn = 0x0040;        //GPIO PortB  Pin6
         ^
STM32-2.c(22): note: declare 'static' if the variable is not intended to be used outside of this translation unit
uint16_t glcdEn = 0x0040;        //GPIO PortB  Pin6
^
STM32-2.c(23): warning: no previous extern declaration for non-static variable 'glcdRes' [-Wmissing-variable-declarations]
uint16_t glcdRes = 0x0080;       //GPIO PortB  Pin7
         ^
STM32-2.c(23): note: declare 'static' if the variable is not intended to be used outside of this translation unit
uint16_t glcdRes = 0x0080;       //GPIO PortB  Pin7
^
STM32-2.c(27): warning: no previous extern declaration for non-static variable 'A' [-Wmissing-variable-declarations]
double A = 1;
       ^
STM32-2.c(27): note: declare 'static' if the variable is not intended to be used outside of this translation unit
double A = 1;
^
STM32-2.c(28): warning: no previous extern declaration for non-static variable 'B' [-Wmissing-variable-declarations]
double B = 0;
       ^
STM32-2.c(28): note: declare 'static' if the variable is not intended to be used outside of this translation unit
double B = 0;
^
STM32-2.c(29): warning: no previous extern declaration for non-static variable 'c' [-Wmissing-variable-declarations]
int c = 0;
    ^
STM32-2.c(29): note: declare 'static' if the variable is not intended to be used outside of this translation unit
int c = 0;
^
STM32-2.c(62): warning: implicit conversion loses integer precision: 'int' to 'uint8_t' (aka 'unsigned char') [-Wimplicit-int-conversion]
            GLCD_clearColumnInLine(ch1_line, i);
            ~~~~~~~~~~~~~~~~~~~~~~           ^
STM32-2.c(67): warning: implicit conversion loses integer precision: 'int' to 'uint8_t' (aka 'unsigned char') [-Wimplicit-int-conversion]
              GLCD_drawColumnInLine(ch2_line, i, (1 << (ch2[i] % 8)) | 1);
              ~~~~~~~~~~~~~~~~~~~~~              ~~~~~~~~~~~~~~~~~~~~^~~
STM32-2.c(67): warning: implicit conversion loses integer precision: 'int' to 'uint8_t' (aka 'unsigned char') [-Wimplicit-int-conversion]
              GLCD_drawColumnInLine(ch2_line, i, (1 << (ch2[i] % 8)) | 1);
              ~~~~~~~~~~~~~~~~~~~~~           ^
STM32-2.c(70): warning: implicit conversion loses integer precision: 'int' to 'uint8_t' (aka 'unsigned char') [-Wimplicit-int-conversion]
              GLCD_drawColumnInLine(ch2_line, i, (1 << (ch2[i] % 8)));
              ~~~~~~~~~~~~~~~~~~~~~               ~~^~~~~~~~~~~~~~~
STM32-2.c(70): warning: implicit conversion loses integer precision: 'int' to 'uint8_t' (aka 'unsigned char') [-Wimplicit-int-conversion]
              GLCD_drawColumnInLine(ch2_line, i, (1 << (ch2[i] % 8)));
              ~~~~~~~~~~~~~~~~~~~~~           ^
STM32-2.c(73): warning: cast from function call of type 'uint8_t' (aka 'unsigned char') to non-matching type 'double' [-Wbad-function-cast]
          double voltage = (A * (((double) RecieveByte() / 255) * 3.3) + B) / 3.3;
                                           ^~~~~~~~~~~~~
STM32-2.c(74): warning: implicit conversion turns floating-point number into integer: 'double' to 'uint16_t' (aka 'unsigned short') [-Wfloat-conversion]
          uint16_t value = voltage * 64;
                   ~~~~~   ~~~~~~~~^~~~
STM32-2.c(78): warning: implicit conversion loses integer precision: 'int' to 'uint8_t' (aka 'unsigned char') [-Wimplicit-int-conversion]
            ch1[i] = 63 - value;
                   ~ ~~~^~~~~~~
STM32-2.c(84): warning: implicit conversion loses integer precision: 'int' to 'uint8_t' (aka 'unsigned char') [-Wimplicit-int-conversion]
                GLCD_drawColumnInLine(ch1_line, i, (1 << (ch1[i] % 8)) | 1);
                ~~~~~~~~~~~~~~~~~~~~~              ~~~~~~~~~~~~~~~~~~~~^~~
STM32-2.c(84): warning: implicit conversion loses integer precision: 'int' to 'uint8_t' (aka 'unsigned char') [-Wimplicit-int-conversion]
                GLCD_drawColumnInLine(ch1_line, i, (1 << (ch1[i] % 8)) | 1);
                ~~~~~~~~~~~~~~~~~~~~~           ^
STM32-2.c(87): warning: implicit conversion loses integer precision: 'int' to 'uint8_t' (aka 'unsigned char') [-Wimplicit-int-conversion]
                GLCD_drawColumnInLine(ch1_line, i, (1 << (ch1[i] % 8)));
                ~~~~~~~~~~~~~~~~~~~~~               ~~^~~~~~~~~~~~~~~
STM32-2.c(87): warning: implicit conversion loses integer precision: 'int' to 'uint8_t' (aka 'unsigned char') [-Wimplicit-int-conversion]
                GLCD_drawColumnInLine(ch1_line, i, (1 << (ch1[i] % 8)));
                ~~~~~~~~~~~~~~~~~~~~~           ^
STM32-2.c(93): warning: implicit conversion loses integer precision: 'int' to 'uint8_t' (aka 'unsigned char') [-Wimplicit-int-conversion]
                GLCD_drawColumnInLine(ch2_line, i, ((1 << (ch2[i] % 8)) | (1 << (ch1[i] % 8))) | 1);
                ~~~~~~~~~~~~~~~~~~~~~              ~~~~~~~~~~~~~~~~~~~~~~~~~~~~~~~~~~~~~~~~~~~~^~~
STM32-2.c(93): warning: implicit conversion loses integer precision: 'int' to 'uint8_t' (aka 'unsigned char') [-Wimplicit-int-conversion]
                GLCD_drawColumnInLine(ch2_line, i, ((1 << (ch2[i] % 8)) | (1 << (ch1[i] % 8))) | 1);
                ~~~~~~~~~~~~~~~~~~~~~           ^
STM32-2.c(96): warning: implicit conversion loses integer precision: 'int' to 'uint8_t' (aka 'unsigned char') [-Wimplicit-int-conversion]
                GLCD_drawColumnInLine(ch2_line, i, ((1 << (ch2[i] % 8)) | (1 << (ch1[i] % 8))));
                ~~~~~~~~~~~~~~~~~~~~~               ~~~~~~~~~~~~~~~~~~~~^~~~~~~~~~~~~~~~~~~~~
STM32-2.c(96): warning: implicit conversion loses integer precision: 'int' to 'uint8_t' (aka 'unsigned char') [-Wimplicit-int-conversion]
                GLCD_drawColumnInLine(ch2_line, i, ((1 << (ch2[i] % 8)) | (1 << (ch1[i] % 8))));
                ~~~~~~~~~~~~~~~~~~~~~           ^
STM32-2.c(110): warning: implicit conversion loses integer precision: 'int' to 'uint8_t' (aka 'unsigned char') [-Wimplicit-int-conversion]
          GLCD_clearColumnInLine(ch2_line, i);
          ~~~~~~~~~~~~~~~~~~~~~~           ^
STM32-2.c(115): warning: implicit conversion loses integer precision: 'int' to 'uint8_t' (aka 'unsigned char') [-Wimplicit-int-conversion]
            GLCD_drawColumnInLine(ch1_line, i, (1 << (ch1[i] % 8)) | 1);
            ~~~~~~~~~~~~~~~~~~~~~              ~~~~~~~~~~~~~~~~~~~~^~~
STM32-2.c(115): warning: implicit conversion loses integer precision: 'int' to 'uint8_t' (aka 'unsigned char') [-Wimplicit-int-conversion]
            GLCD_drawColumnInLine(ch1_line, i, (1 << (ch1[i] % 8)) | 1);
            ~~~~~~~~~~~~~~~~~~~~~           ^
STM32-2.c(118): warning: implicit conversion loses integer precision: 'int' to 'uint8_t' (aka 'unsigned char') [-Wimplicit-int-conversion]
            GLCD_drawColumnInLine(ch1_line, i, (1 << (ch1[i] % 8)));
            ~~~~~~~~~~~~~~~~~~~~~               ~~^~~~~~~~~~~~~~~
STM32-2.c(118): warning: implicit conversion loses integer precision: 'int' to 'uint8_t' (aka 'unsigned char') [-Wimplicit-int-conversion]
            GLCD_drawColumnInLine(ch1_line, i, (1 << (ch1[i] % 8)));
            ~~~~~~~~~~~~~~~~~~~~~           ^
STM32-2.c(121): warning: cast from function call of type 'uint8_t' (aka 'unsigned char') to non-matching type 'double' [-Wbad-function-cast]
        double voltage = (A * (((double) RecieveByte() / 255) * 3.3) + B) / 3.3;
                                         ^~~~~~~~~~~~~
STM32-2.c(122): warning: implicit conversion turns floating-point number into integer: 'double' to 'uint16_t' (aka 'unsigned short') [-Wfloat-conversion]
        uint16_t value = voltage * 64;
                 ~~~~~   ~~~~~~~~^~~~
STM32-2.c(126): warning: implicit conversion loses integer precision: 'int' to 'uint8_t' (aka 'unsigned char') [-Wimplicit-int-conversion]
          ch2[i] = 63 - value;
                 ~ ~~~^~~~~~~
STM32-2.c(132): warning: implicit conversion loses integer precision: 'int' to 'uint8_t' (aka 'unsigned char') [-Wimplicit-int-conversion]
              GLCD_drawColumnInLine(ch2_line, i, (1 << (ch2[i] % 8)) | 1);
              ~~~~~~~~~~~~~~~~~~~~~              ~~~~~~~~~~~~~~~~~~~~^~~
STM32-2.c(132): warning: implicit conversion loses integer precision: 'int' to 'uint8_t' (aka 'unsigned char') [-Wimplicit-int-conversion]
              GLCD_drawColumnInLine(ch2_line, i, (1 << (ch2[i] % 8)) | 1);
              ~~~~~~~~~~~~~~~~~~~~~           ^
STM32-2.c(135): warning: implicit conversion loses integer precision: 'int' to 'uint8_t' (aka 'unsigned char') [-Wimplicit-int-conversion]
              GLCD_drawColumnInLine(ch2_line, i, (1 << (ch2[i] % 8)));
              ~~~~~~~~~~~~~~~~~~~~~               ~~^~~~~~~~~~~~~~~
STM32-2.c(135): warning: implicit conversion loses integer precision: 'int' to 'uint8_t' (aka 'unsigned char') [-Wimplicit-int-conversion]
              GLCD_drawColumnInLine(ch2_line, i, (1 << (ch2[i] % 8)));
              ~~~~~~~~~~~~~~~~~~~~~           ^
STM32-2.c(140): warning: implicit conversion loses integer precision: 'int' to 'uint8_t' (aka 'unsigned char') [-Wimplicit-int-conversion]
              GLCD_drawColumnInLine(ch1_line, i, ((1 << (ch1[i] % 8)) | (1 << (ch2[i] % 8))) | 1);
              ~~~~~~~~~~~~~~~~~~~~~              ~~~~~~~~~~~~~~~~~~~~~~~~~~~~~~~~~~~~~~~~~~~~^~~
STM32-2.c(140): warning: implicit conversion loses integer precision: 'int' to 'uint8_t' (aka 'unsigned char') [-Wimplicit-int-conversion]
              GLCD_drawColumnInLine(ch1_line, i, ((1 << (ch1[i] % 8)) | (1 << (ch2[i] % 8))) | 1);
              ~~~~~~~~~~~~~~~~~~~~~           ^
STM32-2.c(143): warning: implicit conversion loses integer precision: 'int' to 'uint8_t' (aka 'unsigned char') [-Wimplicit-int-conversion]
              GLCD_drawColumnInLine(ch1_line, i, ((1 << (ch1[i] % 8)) | (1 << (ch2[i] % 8))));
              ~~~~~~~~~~~~~~~~~~~~~               ~~~~~~~~~~~~~~~~~~~~^~~~~~~~~~~~~~~~~~~~~
STM32-2.c(143): warning: implicit conversion loses integer precision: 'int' to 'uint8_t' (aka 'unsigned char') [-Wimplicit-int-conversion]
              GLCD_drawColumnInLine(ch1_line, i, ((1 << (ch1[i] % 8)) | (1 << (ch2[i] % 8))));
              ~~~~~~~~~~~~~~~~~~~~~           ^
STM32-2.c(174): warning: implicit conversion loses integer precision: 'volatile uint32_t' (aka 'volatile unsigned int') to 'uint8_t' (aka 'unsigned char') [-Wimplicit-int-conversion]
  return USART1 -> DR;
  ~~~~~~ ~~~~~~~~~~^~
STM32-2.c(191): warning: implicit conversion loses integer precision: 'int' to 'uint16_t' (aka 'unsigned short') [-Wimplicit-int-conversion]
    glcd_dataPins[i] = (1 << i);
                     ~  ~~^~~~
STM32-2.c(192): warning: implicit conversion changes signedness: 'int' to 'uint32_t' (aka 'unsigned int') [-Wsign-conversion]
    GPIOA -> BSRR = (glcd_dataPins[i] << 16);
                  ~  ~~~~~~~~~~~~~~~~~^~~~~
STM32-2.c(195): warning: implicit conversion changes signedness: 'int' to 'uint32_t' (aka 'unsigned int') [-Wsign-conversion]
  GPIOB -> BSRR = (glcdRs << 16);
                ~  ~~~~~~~^~~~~
STM32-2.c(196): warning: implicit conversion changes signedness: 'int' to 'uint32_t' (aka 'unsigned int') [-Wsign-conversion]
  GPIOB -> BSRR = (glcdRw << 16);
                ~  ~~~~~~~^~~~~
STM32-2.c(197): warning: implicit conversion changes signedness: 'int' to 'uint32_t' (aka 'unsigned int') [-Wsign-conversion]
  GPIOB -> BSRR = (glcdRes << 16);
                ~  ~~~~~~~~^~~~~
STM32-2.c(198): warning: implicit conversion changes signedness: 'int' to 'uint32_t' (aka 'unsigned int') [-Wsign-conversion]
  GPIOB -> BSRR = (glcdEn << 16);
                ~  ~~~~~~~^~~~~
STM32-2.c(199): warning: implicit conversion changes signedness: 'int' to 'uint32_t' (aka 'unsigned int') [-Wsign-conversion]
  GPIOB -> BSRR = (glcdCs1 << 16);
                ~  ~~~~~~~~^~~~~
STM32-2.c(200): warning: implicit conversion changes signedness: 'int' to 'uint32_t' (aka 'unsigned int') [-Wsign-conversion]
  GPIOB -> BSRR = (glcdCs2 << 16);
                ~  ~~~~~~~~^~~~~
STM32-2.c(223): warning: implicit conversion changes signedness: 'int' to 'uint32_t' (aka 'unsigned int') [-Wsign-conversion]
  GPIOB -> BSRR = (glcdRs << 16);
                ~  ~~~~~~~^~~~~
STM32-2.c(224): warning: implicit conversion changes signedness: 'int' to 'uint32_t' (aka 'unsigned int') [-Wsign-conversion]
  GPIOB -> BSRR = (glcdRw << 16);
                ~  ~~~~~~~^~~~~
STM32-2.c(228): warning: implicit conversion changes signedness: 'int' to 'uint32_t' (aka 'unsigned int') [-Wsign-conversion]
    GPIOB -> BSRR = (glcdCs1 << 16);
                  ~  ~~~~~~~~^~~~~
STM32-2.c(235): warning: implicit conversion changes signedness: 'int' to 'uint32_t' (aka 'unsigned int') [-Wsign-conversion]
    GPIOB -> BSRR = (glcdCs2 << 16);
                  ~  ~~~~~~~~^~~~~
STM32-2.c(244): warning: implicit conversion changes signedness: 'int' to 'uint32_t' (aka 'unsigned int') [-Wsign-conversion]
      GPIOA -> BSRR = (glcd_dataPins[i] << 16);
                    ~  ~~~~~~~~~~~~~~~~~^~~~~
STM32-2.c(249): warning: implicit conversion changes signedness: 'int' to 'uint32_t' (aka 'unsigned int') [-Wsign-conversion]
  GPIOB -> BSRR = (glcdEn << 16);
                ~  ~~~~~~~^~~~~
STM32-2.c(254): warning: implicit conversion changes signedness: 'int' to 'uint32_t' (aka 'unsigned int') [-Wsign-conversion]
  GPIOB -> BSRR = (glcdRw << 16);
                ~  ~~~~~~~^~~~~
STM32-2.c(258): warning: implicit conversion changes signedness: 'int' to 'uint32_t' (aka 'unsigned int') [-Wsign-conversion]
    GPIOB -> BSRR = (glcdCs1 << 16);
                  ~  ~~~~~~~~^~~~~
STM32-2.c(265): warning: implicit conversion changes signedness: 'int' to 'uint32_t' (aka 'unsigned int') [-Wsign-conversion]
    GPIOB -> BSRR = (glcdCs2 << 16);
                  ~  ~~~~~~~~^~~~~
STM32-2.c(274): warning: implicit conversion changes signedness: 'int' to 'uint32_t' (aka 'unsigned int') [-Wsign-conversion]
      GPIOA -> BSRR = (glcd_dataPins[i] << 16);
                    ~  ~~~~~~~~~~~~~~~~~^~~~~
STM32-2.c(279): warning: implicit conversion changes signedness: 'int' to 'uint32_t' (aka 'unsigned int') [-Wsign-conversion]
  GPIOB -> BSRR = (glcdEn << 16);
                ~  ~~~~~~~^~~~~
STM32-2.c(326): warning: no newline at end of file [-Wnewline-eof]
}
 ^
STM32-2.c(24): warning: no previous extern declaration for non-static variable 'glcd_dataPins' [-Wmissing-variable-declarations]
uint16_t glcd_dataPins[8];        //GPIO PortA  Pin0 to Pin7
         ^
STM32-2.c(24): note: declare 'static' if the variable is not intended to be used outside of this translation unit
uint16_t glcd_dataPins[8];        //GPIO PortA  Pin0 to Pin7
^
STM32-2.c(26): warning: no previous extern declaration for non-static variable 'ch1' [-Wmissing-variable-declarations]
uint8_t ch1[128], ch2[128];
        ^
STM32-2.c(26): note: declare 'static' if the variable is not intended to be used outside of this translation unit
uint8_t ch1[128], ch2[128];
^
STM32-2.c(26): warning: no previous extern declaration for non-static variable 'ch2' [-Wmissing-variable-declarations]
uint8_t ch1[128], ch2[128];
                  ^
STM32-2.c(26): note: declare 'static' if the variable is not intended to be used outside of this translation unit
uint8_t ch1[128], ch2[128];
^
65 warnings generated.
compiling STM32-2.c...
linking...
Program Size: Code=4256 RO-data=436 RW-data=20 ZI-data=1924  
FromELF: creating hex file...
".\Objects\STM32-2.axf" - 0 Error(s), 65 Warning(s).

<h2>Software Packages used:</h2>

Package Vendor: ARM
                http://www.keil.com/pack/ARM.CMSIS.5.7.0.pack
                ARM.CMSIS.5.7.0
                CMSIS (Cortex Microcontroller Software Interface Standard)
   * Component: CORE Version: 5.4.0

Package Vendor: Keil
                http://www.keil.com/pack/Keil.STM32F4xx_DFP.2.15.0.pack
                Keil.STM32F4xx_DFP.2.15.0
                STMicroelectronics STM32F4 Series Device Support, Drivers and Examples
   * Component: Startup Version: 2.6.3

<h2>Collection of Component include folders:</h2>
  .\RTE\_Target_1
  C:\Users\Behnam\AppData\Local\Arm\Packs\ARM\CMSIS\5.7.0\CMSIS\Core\Include
  C:\Users\Behnam\AppData\Local\Arm\Packs\Keil\STM32F4xx_DFP\2.15.0\Drivers\CMSIS\Device\ST\STM32F4xx\Include

<h2>Collection of Component Files used:</h2>

   * Component: ARM::CMSIS:CORE:5.4.0

   * Component: Keil::Device:Startup:2.6.3
      Include file:  Drivers\CMSIS\Device\ST\STM32F4xx\Include\stm32f4xx.h
      Source file:   Drivers\CMSIS\Device\ST\STM32F4xx\Source\Templates\arm\startup_stm32f401xe.s
      Source file:   MDK\Device\Source\ARM\STM32F401xx_OPT.s
      Source file:   MDK\Device\Source\ARM\STM32F4xx_OTP.s
      Source file:   Drivers\CMSIS\Device\ST\STM32F4xx\Source\Templates\system_stm32f4xx.c
Build Time Elapsed:  00:00:01
</pre>
</body>
</html>
